// Jest Snapshot v1, https://goo.gl/fbAQLP

exports[`editDialog.spec.js Checks shapshot 1`] = `<!---->`;

exports[`editDialog.spec.js Properties Checks shapshot 1`] = `<!---->`;
